   Γû▓ Next.js 15.3.5
   - Environments: .env

   Creating an optimized production build ...
 Γ£ô Compiled successfully in 8.0s
   Skipping validation of types
   Skipping linting
   Collecting page data ...
   Generating static pages (0/46) ...
   Generating static pages (11/46) 
   Generating static pages (22/46) 
   Generating static pages (34/46) 
 Γ£ô Generating static pages (46/46)
   Finalizing page optimization ...
   Collecting build traces ...

Route (app)                                 Size  First Load JS
Γöî Γùï /                                    4.63 kB         162 kB
Γö£ Γùï /_not-found                            990 B         103 kB
Γö£ Γùï /about                                 180 B         105 kB
Γö£ ╞Æ /api                                   176 B         102 kB
Γö£ ╞Æ /api/customers                         176 B         102 kB
Γö£ ╞Æ /api/customers/[id]                    176 B         102 kB
Γö£ ╞Æ /api/drivers                           176 B         102 kB
Γö£ ╞Æ /api/drivers/[id]                      176 B         102 kB
Γö£ ╞Æ /api/locations                         176 B         102 kB
Γö£ ╞Æ /api/locations/[id]                    176 B         102 kB
Γö£ ╞Æ /api/vehicles                          176 B         102 kB
Γö£ ╞Æ /api/vehicles/[id]                     176 B         102 kB
Γö£ ╞Æ /api/vendors                           176 B         102 kB
Γö£ ╞Æ /api/vendors/[id]                      176 B         102 kB
Γö£ Γùï /book                                4.27 kB         109 kB
Γö£ Γùï /contact                             3.61 kB         109 kB
Γö£ Γùï /customer                            4.28 kB         162 kB
Γö£ Γùï /dashboard                             176 B         102 kB
Γö£ Γùï /dashboard/analytics                  114 kB         225 kB
Γö£ Γùï /dashboard/billing                   3.83 kB         118 kB
Γö£ Γùï /dashboard/billing/invoices          6.44 kB         152 kB
Γö£ Γùï /dashboard/billing/reports           5.26 kB         116 kB
Γö£ Γùï /dashboard/billing/tariffs           5.05 kB         132 kB
Γö£ Γùï /dashboard/fleet                     4.18 kB         118 kB
Γö£ Γùï /dashboard/fleet/fuel                5.07 kB         132 kB
Γö£ Γùï /dashboard/fleet/maintenance         6.37 kB         152 kB
Γö£ Γùï /dashboard/fleet/vehicles            5.02 kB         132 kB
Γö£ Γùï /dashboard/master-data               1.88 kB         116 kB
Γö£ Γùï /dashboard/master-data/customers     4.84 kB         132 kB
Γö£ Γùï /dashboard/master-data/drivers       4.98 kB         132 kB
Γö£ Γùï /dashboard/master-data/locations     6.94 kB         152 kB
Γö£ Γùï /dashboard/master-data/vehicles      5.97 kB         151 kB
Γö£ Γùï /dashboard/master-data/vendors       4.97 kB         132 kB
Γö£ Γùï /dashboard/orders                    6.36 kB         149 kB
Γö£ Γùï /dashboard/settings                  9.39 kB         124 kB
Γö£ Γùï /dashboard/transportation            3.89 kB         118 kB
Γö£ Γùï /dashboard/transportation/routes      4.4 kB         131 kB
Γö£ Γùï /dashboard/transportation/tracking   6.19 kB         148 kB
Γö£ Γùï /dashboard/transportation/trips      8.25 kB         154 kB
Γö£ Γùï /dashboard/users                     7.71 kB         153 kB
Γö£ Γùï /dashboard/warehouse                 4.13 kB         118 kB
Γö£ Γùï /dashboard/warehouse/inventory       6.76 kB         152 kB
Γö£ Γùï /dashboard/warehouse/locations       6.37 kB         152 kB
Γö£ Γùï /dashboard/warehouse/transactions    6.94 kB         152 kB
Γö£ Γùï /rates                               3.89 kB         109 kB
Γö£ Γùï /services                              180 B         105 kB
Γö£ Γùï /sign-in                             2.31 kB         139 kB
Γö£ Γùï /sign-up                             2.31 kB         139 kB
Γöö Γùï /track                               3.71 kB         109 kB
+ First Load JS shared by all             102 kB
  Γö£ chunks/1684-5a94ccb34f418c30.js      46.5 kB
  Γö£ chunks/4bd1b696-a4051582dcd6995f.js  53.2 kB
  Γöö other shared chunks (total)           2.1 kB


╞Æ Middleware                               82 kB

Γùï  (Static)   prerendered as static content
╞Æ  (Dynamic)  server-rendered on demand

